com/vortexsoftware/sdk/types/Identifier.class
com/vortexsoftware/sdk/VortexClient$2.class
com/vortexsoftware/sdk/VortexClient$4.class
com/vortexsoftware/sdk/VortexException.class
com/vortexsoftware/sdk/spring/VortexController.class
com/vortexsoftware/sdk/VortexClient.class
com/vortexsoftware/sdk/types/InvitationTarget.class
com/vortexsoftware/sdk/VortexClient$5.class
com/vortexsoftware/sdk/spring/VortexRoutes.class
com/vortexsoftware/sdk/VortexClient$7.class
com/vortexsoftware/sdk/types/InvitationGroup.class
com/vortexsoftware/sdk/types/JWTPayload.class
com/vortexsoftware/sdk/spring/VortexConfig.class
com/vortexsoftware/sdk/types/InvitationAcceptance.class
com/vortexsoftware/sdk/types/AcceptInvitationRequest.class
com/vortexsoftware/sdk/VortexClient$3.class
com/vortexsoftware/sdk/types/User.class
com/vortexsoftware/sdk/spring/VortexAutoConfiguration.class
com/vortexsoftware/sdk/types/InvitationResult.class
com/vortexsoftware/sdk/types/AcceptUser.class
com/vortexsoftware/sdk/VortexClient$1.class
com/vortexsoftware/sdk/package-info.class
com/vortexsoftware/sdk/spring/VortexAutoConfiguration$DefaultVortexConfig.class
com/vortexsoftware/sdk/types/Group.class
com/vortexsoftware/sdk/spring/VortexConfig$VortexUser.class
com/vortexsoftware/sdk/types/InvitationResponse.class
com/vortexsoftware/sdk/VortexClient$6.class
