/app/src/main/java/com/vortexsoftware/sdk/VortexClient.java
/app/src/main/java/com/vortexsoftware/sdk/VortexException.java
/app/src/main/java/com/vortexsoftware/sdk/package-info.java
/app/src/main/java/com/vortexsoftware/sdk/spring/VortexAutoConfiguration.java
/app/src/main/java/com/vortexsoftware/sdk/spring/VortexConfig.java
/app/src/main/java/com/vortexsoftware/sdk/spring/VortexController.java
/app/src/main/java/com/vortexsoftware/sdk/spring/VortexRoutes.java
/app/src/main/java/com/vortexsoftware/sdk/types/AcceptInvitationRequest.java
/app/src/main/java/com/vortexsoftware/sdk/types/AcceptUser.java
/app/src/main/java/com/vortexsoftware/sdk/types/Group.java
/app/src/main/java/com/vortexsoftware/sdk/types/Identifier.java
/app/src/main/java/com/vortexsoftware/sdk/types/InvitationAcceptance.java
/app/src/main/java/com/vortexsoftware/sdk/types/InvitationGroup.java
/app/src/main/java/com/vortexsoftware/sdk/types/InvitationResponse.java
/app/src/main/java/com/vortexsoftware/sdk/types/InvitationResult.java
/app/src/main/java/com/vortexsoftware/sdk/types/InvitationTarget.java
/app/src/main/java/com/vortexsoftware/sdk/types/JWTPayload.java
/app/src/main/java/com/vortexsoftware/sdk/types/User.java
